data/history/19756333237.csv
time,date,itemid,price,discount,price_before_discount,stock,sold,item_status,cmt_count,liked_count
1672583899,20230101,19756333237,24000000,51%,49244000,135980,191,normal,123,1562
1672587496,20230101,19756333237,24000000,51%,49244000,135979,191,normal,123,1562
1672590296,20230101,19756333237,24000000,51%,49244000,135977,191,normal,123,1564
1672591474,20230101,19756333237,24000000,51%,49244000,135977,191,normal,123,1565
1672594679,20230101,19756333237,24000000,51%,49244000,135977,191,normal,123,1566
1672600460,20230101,19756333237,24000000,51%,49244000,135977,186,normal,123,1567
1672607732,20230101,19756333237,24000000,51%,49244000,135977,186,normal,124,1567
1672611438,20230101,19756333237,24000000,51%,49244000,135976,186,normal,124,1567
1672615110,20230101,19756333237,24000000,51%,49244000,135975,186,normal,124,1567
1672623385,20230102,19756333237,24000000,51%,49244000,135975,186,normal,124,1567
1672627182,20230102,19756333237,24000000,51%,49244000,135976,186,normal,124,1568
1672629631,20230102,19756333237,23800000,52%,49244000,30,186,normal,124,1568
1672634474,20230102,19756333237,23800000,52%,49244000,30,186,normal,124,1569
1672636657,20230102,19756333237,23800000,52%,49244000,30,186,normal,124,1570
1672652301,20230102,19756333237,23800000,52%,49244000,30,186,normal,124,1571
1672654804,20230102,19756333237,23800000,52%,49244000,30,186,normal,124,1572
1672662998,20230102,19756333237,23800000,52%,49244000,28,186,normal,124,1572
1672665829,20230102,19756333237,24000000,51%,49244000,136034,186,normal,124,1572
1672669023,20230102,19756333237,24000000,51%,49244000,136033,186,normal,124,1571
1672670275,20230102,19756333237,24000000,51%,49244000,136033,186,normal,124,1573
1672672757,20230102,19756333237,24000000,51%,49244000,136032,186,normal,124,1574
1672673897,20230102,19756333237,24000000,51%,49244000,136033,186,normal,125,1576
1672676744,20230102,19756333237,24000000,51%,49244000,136034,186,normal,125,1576
1672677945,20230102,19756333237,24000000,51%,49244000,136034,186,normal,125,1577
1672679773,20230102,19756333237,24000000,51%,49244000,136033,186,normal,125,1577
1672681102,20230102,19756333237,24000000,51%,49244000,136033,186,normal,125,1578
1672683748,20230102,19756333237,24000000,51%,49244000,136033,186,normal,125,1579
1672686870,20230102,19756333237,24000000,51%,49244000,136033,188,normal,125,1580
1672688281,20230102,19756333237,24000000,51%,49244000,136002,188,normal,125,1580
1672690753,20230102,19756333237,24000000,51%,49244000,136000,188,normal,125,1581
1672691897,20230102,19756333237,24000000,51%,49244000,135999,188,normal,125,1581
1672695481,20230102,19756333237,24000000,51%,49244000,135999,188,normal,125,1582
1672697863,20230102,19756333237,24000000,51%,49244000,135998,188,normal,127,1582
1672699109,20230102,19756333237,24000000,51%,49244000,135998,188,normal,128,1582
1672709763,20230103,19756333237,24000000,51%,49244000,135997,188,normal,130,1585
1672713456,20230103,19756333237,24000000,51%,49244000,135998,188,normal,130,1587
1672716026,20230103,19756333237,24000000,51%,49244000,135998,188,normal,130,1589
1672723042,20230103,19756333237,24000000,51%,49244000,135998,188,normal,130,1590
1672730207,20230103,19756333237,24000000,51%,49244000,135998,188,normal,130,1591
1672737530,20230103,19756333237,24000000,51%,49244000,135997,188,normal,130,1591
1672744522,20230103,19756333237,24000000,51%,49244000,135997,188,normal,131,1591
1672749459,20230103,19756333237,24000000,51%,49244000,135997,188,normal,131,1593
1672755462,20230103,19756333237,24000000,51%,49244000,135968,188,normal,131,1593
1672756683,20230103,19756333237,24000000,51%,49244000,135967,188,normal,131,1594
1672759230,20230103,19756333237,24000000,51%,49244000,135907,188,normal,131,1595
1672763226,20230103,19756333237,24000000,51%,49244000,135906,188,normal,131,1594
1672766231,20230103,19756333237,24000000,51%,49244000,135907,188,normal,131,1594
1672771223,20230103,19756333237,24000000,51%,49244000,135908,188,normal,132,1594
1672774688,20230103,19756333237,24000000,51%,49244000,135909,197,normal,132,1594
1672777220,20230103,19756333237,24000000,51%,49244000,135911,197,normal,132,1594
1672781908,20230103,19756333237,24000000,51%,49244000,135911,197,normal,132,1597
1672784306,20230103,19756333237,24000000,51%,49244000,135910,197,normal,132,1597
1672785504,20230103,19756333237,24000000,51%,49244000,135910,197,normal,132,1598
1672787962,20230103,19756333237,24000000,51%,49244000,135909,197,normal,133,1599
1672789108,20230103,19756333237,24000000,51%,49244000,135908,197,normal,133,1599
1672796251,20230104,19756333237,24000000,51%,49244000,135910,197,normal,133,1603
1672800085,20230104,19756333237,24000000,51%,49244000,135909,197,normal,133,1604
1672802446,20230104,19756333237,24000000,51%,49244000,135909,197,normal,133,1605
1672803521,20230104,19756333237,24000000,51%,49244000,135909,197,normal,133,1606
1672806129,20230104,19756333237,24000000,51%,49244000,135909,197,normal,133,1607
1672807259,20230104,19756333237,24000000,51%,49244000,135909,197,normal,134,1607
1672816633,20230104,19756333237,24000000,51%,49244000,135909,197,normal,135,1608
1672823922,20230104,19756333237,24000000,51%,49244000,135910,197,normal,135,1609
1672825117,20230104,19756333237,24000000,51%,49244000,135909,197,normal,135,1609
1672835829,20230104,19756333237,24000000,51%,49244000,135909,197,normal,135,1611
1672838707,20230104,19756333237,24000000,51%,49244000,135908,197,normal,136,1613
1672841948,20230104,19756333237,24000000,51%,49244000,135878,197,normal,137,1614
1672843206,20230104,19756333237,24000000,51%,49244000,135879,197,normal,137,1614
1672845794,20230104,19756333237,24000000,51%,49244000,135879,197,normal,137,1615
1672847030,20230104,19756333237,24000000,51%,49244000,135878,197,normal,137,1615
1672850026,20230104,19756333237,24000000,51%,49244000,135880,197,normal,137,1616
1672852784,20230104,19756333237,24000000,51%,49244000,135880,197,normal,138,1617
1672856667,20230104,19756333237,24000000,51%,49244000,135880,197,normal,138,1616
1672859864,20230104,19756333237,23800000,52%,49244000,30,208,normal,138,1617
1672863655,20230104,19756333237,23800000,52%,49244000,30,208,normal,138,1618
1672864733,20230104,19756333237,23800000,52%,49244000,30,208,normal,139,1619
1672867052,20230104,19756333237,24000000,51%,49244000,135910,208,normal,139,1622
1672868307,20230104,19756333237,24000000,51%,49244000,135910,208,normal,139,1623
1672870715,20230104,19756333237,24000000,51%,49244000,135911,208,normal,139,1623
1672875521,20230104,19756333237,24000000,51%,49244000,135912,208,normal,139,1624
1672882910,20230105,19756333237,24000000,51%,49244000,135908,208,normal,140,1628
1672886563,20230105,19756333237,24000000,51%,49244000,135907,208,normal,141,1629
1672888823,20230105,19756333237,24000000,51%,49244000,135907,208,normal,141,1630
1672892636,20230105,19756333237,24000000,51%,49244000,135906,208,normal,141,1630
1672904290,20230105,19756333237,24000000,51%,49244000,135906,208,normal,141,1631
1672907117,20230105,19756333237,24000000,51%,49244000,135905,208,normal,141,1631
1672908115,20230105,19756333237,24000000,51%,49244000,135905,208,normal,141,1632
1672911515,20230105,19756333237,24000000,51%,49244000,135905,208,normal,141,1633
1672917382,20230105,19756333237,24000000,51%,49244000,135905,208,normal,141,1634
1672918681,20230105,19756333237,24000000,51%,49244000,135905,208,normal,141,1636
1672922229,20230105,19756333237,24000000,51%,49244000,135906,208,normal,141,1636
1672928302,20230105,19756333237,24000000,51%,49244000,135906,208,normal,142,1636
1672929532,20230105,19756333237,24000000,51%,49244000,135904,208,normal,142,1636
1672932125,20230105,19756333237,24000000,51%,49244000,135904,208,normal,142,1637
1672933292,20230105,19756333237,24000000,51%,49244000,135904,208,normal,142,1639
1672936204,20230105,19756333237,24000000,51%,49244000,135903,208,normal,142,1639
1672940304,20230105,19756333237,24000000,51%,49244000,135903,208,normal,142,1640
1672944149,20230105,19756333237,24000000,51%,49244000,135903,208,normal,143,1640
1672946123,20230105,19756333237,24000000,51%,49244000,135903,222,normal,143,1640
1672950047,20230105,19756333237,24000000,51%,49244000,135903,222,normal,144,1640
1672951130,20230105,19756333237,24000000,51%,49244000,135904,222,normal,144,1640
1672954712,20230105,19756333237,24000000,51%,49244000,135904,222,normal,145,1640
1672957121,20230105,19756333237,24000000,51%,49244000,135903,222,normal,145,1640
1672960862,20230105,19756333237,23800000,52%,49244000,30,222,normal,145,1641
1672961900,20230105,19756333237,23800000,52%,49244000,30,222,normal,145,1643
1672969291,20230106,19756333237,23800000,52%,49244000,28,222,normal,147,1652
1672973204,20230106,19756333237,23800000,52%,49244000,25,222,normal,147,1659
1672975234,20230106,19756333237,24000000,51%,49244000,135957,222,normal,147,1663
1672979006,20230106,19756333237,24000000,51%,49244000,135958,222,normal,147,1664
1672983487,20230106,19756333237,24000000,51%,49244000,135958,222,normal,147,1663
1672993460,20230106,19756333237,24000000,51%,49244000,135959,222,normal,147,1663
1672996712,20230106,19756333237,23800000,52%,49244000,30,222,normal,147,1664
1673000454,20230106,19756333237,23800000,52%,49244000,30,222,normal,147,1665
1673001570,20230106,19756333237,23800000,52%,49244000,30,222,normal,147,1666
1673003790,20230106,19756333237,23800000,52%,49244000,29,222,normal,147,1667
1673005079,20230106,19756333237,23800000,52%,49244000,28,222,normal,147,1668
1673008567,20230106,19756333237,23800000,52%,49244000,26,222,normal,147,1672
1673011470,20230106,19756333237,24000000,51%,49244000,135984,222,normal,147,1674
1673012339,20230106,19756333237,24000000,51%,49244000,135984,222,normal,148,1674
1673014642,20230106,19756333237,24000000,51%,49244000,135983,222,normal,149,1675
1673015906,20230106,19756333237,24000000,51%,49244000,135984,222,normal,149,1674
1673018439,20230106,19756333237,24000000,51%,49244000,135984,222,normal,150,1674
1673019562,20230106,19756333237,24000000,51%,49244000,135969,222,normal,150,1674
1673022463,20230106,19756333237,24000000,51%,49244000,135969,222,normal,151,1675
1673025475,20230106,19756333237,24000000,51%,49244000,135967,222,normal,151,1677
1673026691,20230106,19756333237,24000000,51%,49244000,135966,222,normal,151,1678
1673029430,20230106,19756333237,24000000,51%,49244000,135966,222,normal,151,1676
1673030500,20230106,19756333237,24000000,51%,49244000,135966,222,normal,151,1677
1673032545,20230106,19756333237,24000000,51%,49244000,135965,222,normal,151,1677
1673033908,20230106,19756333237,24000000,51%,49244000,135965,224,normal,151,1677
1673036416,20230106,19756333237,24000000,51%,49244000,135965,224,normal,151,1678
1673037514,20230106,19756333237,24000000,51%,49244000,135965,224,normal,152,1679
1673039786,20230106,19756333237,24000000,51%,49244000,135963,224,normal,152,1680
1673044686,20230106,19756333237,24000000,51%,49244000,135962,224,normal,152,1681
1673047074,20230106,19756333237,24000000,51%,49244000,135961,224,normal,152,1682
1673055440,20230107,19756333237,24000000,51%,49244000,135962,224,normal,155,1687
1673059183,20230107,19756333237,24000000,51%,49244000,135964,224,normal,155,1690
1673061635,20230107,19756333237,24000000,51%,49244000,135964,224,normal,155,1692
1673065374,20230107,19756333237,24000000,51%,49244000,135963,224,normal,155,1694
1673072538,20230107,19756333237,24000000,51%,49244000,135963,224,normal,155,1695
1673080775,20230107,19756333237,24000000,51%,49244000,135962,224,normal,155,1695
1673084284,20230107,19756333237,24000000,51%,49244000,135962,224,normal,155,1696
1673087884,20230107,19756333237,24000000,51%,49244000,135962,224,normal,156,1696
1673090071,20230107,19756333237,24000000,51%,49244000,135963,224,normal,156,1697
1673094785,20230107,19756333237,24000000,51%,49244000,135965,224,normal,156,1699
1673097680,20230107,19756333237,24000000,51%,49244000,135965,224,normal,156,1700
1673100949,20230107,19756333237,24000000,51%,49244000,135964,224,normal,156,1700
1673104692,20230107,19756333237,24000000,51%,49244000,135964,224,normal,156,1701
1673105877,20230107,19756333237,24000000,51%,49244000,135964,224,normal,156,1702
1673108701,20230107,19756333237,24000000,51%,49244000,135963,224,normal,156,1704
1673111750,20230107,19756333237,24000000,51%,49244000,135964,224,normal,156,1704
1673113083,20230107,19756333237,24000000,51%,49244000,135964,224,normal,157,1706
1673118858,20230107,19756333237,24000000,51%,49244000,135965,224,normal,157,1707
1673120297,20230107,19756333237,24000000,51%,49244000,135965,237,normal,157,1707
1673123895,20230107,19756333237,24000000,51%,49244000,135965,237,normal,157,1708
1673129840,20230107,19756333237,24000000,51%,49244000,135965,237,normal,158,1709
1673131095,20230107,19756333237,24000000,51%,49244000,135965,237,normal,158,1711
1673133495,20230107,19756333237,24000000,51%,49244000,135964,237,normal,158,1711
1673134701,20230107,19756333237,24000000,51%,49244000,135965,237,normal,158,1711
1673142289,20230108,19756333237,24000000,51%,49244000,135965,237,normal,158,1719
1673146032,20230108,19756333237,24000000,51%,49244000,135965,237,normal,158,1720
1673147991,20230108,19756333237,23800000,52%,49244000,30,237,normal,158,1720
1673149107,20230108,19756333237,23800000,52%,49244000,30,237,normal,158,1722
1673155016,20230108,19756333237,23800000,52%,49244000,30,237,normal,158,1723
1673169445,20230108,19756333237,24000000,51%,49244000,135994,237,normal,158,1723
1673173162,20230108,19756333237,24000000,51%,49244000,135994,237,normal,158,1724
1673184099,20230108,19756333237,24000000,51%,49244000,135993,237,normal,158,1724
1673187367,20230108,19756333237,24000000,51%,49244000,135991,237,normal,158,1724
1673188690,20230108,19756333237,24000000,51%,49244000,135991,237,normal,158,1725
1673192294,20230108,19756333237,24000000,51%,49244000,135992,237,normal,158,1725
1673196274,20230108,19756333237,24000000,51%,49244000,135989,237,normal,158,1725
1673198142,20230108,19756333237,24000000,51%,49244000,135988,237,normal,158,1725
1673205275,20230108,19756333237,24000000,51%,49244000,135988,237,normal,158,1726
1673206681,20230108,19756333237,24000000,51%,49244000,135988,229,normal,158,1726
1673212543,20230108,19756333237,24000000,51%,49244000,135988,229,normal,158,1727
1673213883,20230108,19756333237,24000000,51%,49244000,135987,229,normal,158,1728
1673216258,20230108,19756333237,24000000,51%,49244000,135987,229,normal,158,1729
1673217497,20230108,19756333237,24000000,51%,49244000,135987,229,normal,158,1730
1673219933,20230108,19756333237,24000000,51%,49244000,135987,229,normal,158,1732
1673228259,20230109,19756333237,24000000,51%,49244000,135986,229,normal,158,1737
1673232097,20230109,19756333237,24000000,51%,49244000,135985,229,normal,158,1739
1673234448,20230109,19756333237,24000000,51%,49244000,135986,229,normal,158,1740
1673239300,20230109,19756333237,24000000,51%,49244000,135986,229,normal,158,1742
1673241478,20230109,19756333237,24000000,51%,49244000,135986,229,normal,158,1744
1673242691,20230109,19756333237,24000000,51%,49244000,135986,229,normal,158,1745
1673248675,20230109,19756333237,24000000,51%,49244000,135986,229,normal,158,1746
1673267886,20230109,19756333237,24000000,51%,49244000,135985,229,normal,158,1748
1673270796,20230109,19756333237,24000000,51%,49244000,135986,229,normal,159,1748
1673275309,20230109,19756333237,24000000,51%,49244000,135983,229,normal,159,1748
1673278040,20230109,19756333237,24000000,51%,49244000,135984,229,normal,159,1748
1673279212,20230109,19756333237,24000000,51%,49244000,135983,229,normal,159,1749
1673282060,20230109,19756333237,24000000,51%,49244000,135984,229,normal,159,1750
1673284803,20230109,19756333237,24000000,51%,49244000,135985,229,normal,159,1753
1673286109,20230109,19756333237,24000000,51%,49244000,135984,229,normal,159,1753
1673288685,20230109,19756333237,24000000,51%,49244000,135984,229,normal,161,1754
1673291755,20230109,19756333237,24000000,51%,49244000,135984,233,normal,161,1756
1673293083,20230109,19756333237,24000000,51%,49244000,135984,233,normal,161,1757
1673295725,20230109,19756333237,24000000,51%,49244000,135984,233,normal,161,1759
1673296755,20230109,19756333237,24000000,51%,49244000,135985,233,normal,161,1759
1673299077,20230109,19756333237,24000000,51%,49244000,135985,233,normal,161,1760
1673300308,20230109,19756333237,24000000,51%,49244000,135985,233,normal,161,1761
1673302722,20230109,19756333237,24000000,51%,49244000,135984,233,normal,161,1762
1673306359,20230109,19756333237,24000000,51%,49244000,135982,233,normal,162,1762
1673314978,20230110,19756333237,24000000,51%,49244000,135981,233,normal,162,1774
1673318873,20230110,19756333237,24000000,51%,49244000,135980,233,normal,162,1777
1673320854,20230110,19756333237,24000000,51%,49244000,135980,233,normal,162,1779
1673321925,20230110,19756333237,24000000,51%,49244000,135980,233,normal,162,1780
1673324617,20230110,19756333237,24000000,51%,49244000,135980,233,normal,162,1781
1673329085,20230110,19756333237,24000000,51%,49244000,135980,233,normal,162,1783
1673331927,20230110,19756333237,24000000,51%,49244000,135980,233,normal,162,1784
1673335033,20230110,19756333237,24000000,51%,49244000,135980,233,normal,162,1785
1673346123,20230110,19756333237,24000000,51%,49244000,135978,233,normal,162,1785
1673349401,20230110,19756333237,24000000,51%,49244000,135977,233,normal,162,1785
1673354298,20230110,19756333237,24000000,51%,49244000,135977,233,normal,162,1786
1673358057,20230110,19756333237,24000000,51%,49244000,135977,233,normal,162,1787
1673364415,20230110,19756333237,24000000,51%,49244000,135977,233,normal,162,1788
1673368241,20230110,19756333237,24000000,51%,49244000,135947,233,normal,162,1791
1673371185,20230110,19756333237,24000000,51%,49244000,135948,233,normal,163,1792
1673376152,20230110,19756333237,24000000,51%,49244000,135947,233,normal,163,1792
1673378166,20230110,19756333237,23800000,52%,49244000,15,240,normal,163,1794
1673382026,20230110,19756333237,23800000,52%,49244000,15,240,normal,164,1794
