data/history/19756333237.csv
time,date,itemid,price,discount,price_before_discount,stock,sold,item_status,cmt_count,liked_count
1674285374,20230121,19756333237,22790000,54%,49244000,135866,278,normal,204,1999
1674299679,20230121,19756333237,22790000,54%,49244000,135865,278,normal,204,1999
1674301074,20230121,19756333237,22790000,54%,49244000,135865,278,normal,205,1999
1674304402,20230121,19756333237,22790000,54%,49244000,135865,278,normal,205,2000
1674310554,20230121,19756333237,22790000,54%,49244000,135865,278,normal,205,2001
1674314287,20230121,19756333237,22790000,54%,49244000,135865,278,normal,206,2001
1674315498,20230121,19756333237,22790000,54%,49244000,135864,278,normal,206,2003
1674318309,20230121,19756333237,22790000,54%,49244000,135864,278,normal,207,2004
1674319452,20230121,19756333237,22790000,54%,49244000,135864,278,normal,207,2006
1674321346,20230121,19756333237,22790000,54%,49244000,135865,278,normal,207,2006
1674325313,20230121,19756333237,22790000,54%,49244000,135863,278,normal,207,2006
1674329897,20230121,19756333237,22790000,54%,49244000,135862,278,normal,207,2006
1674332333,20230121,19756333237,22790000,54%,49244000,135863,278,normal,207,2007
1674333499,20230121,19756333237,22790000,54%,49244000,135863,278,normal,207,2008
1674339436,20230121,19756333237,22790000,54%,49244000,135862,278,normal,207,2009
1674340684,20230121,19756333237,22790000,54%,49244000,135861,278,normal,207,2009
1674343108,20230121,19756333237,22790000,54%,49244000,135864,278,normal,208,2009
1674344293,20230121,19756333237,22790000,54%,49244000,135864,278,normal,208,2010
1674351870,20230122,19756333237,22790000,54%,49244000,135863,278,normal,209,2016
1674355622,20230122,19756333237,22790000,54%,49244000,135863,278,normal,209,2021
1674375801,20230122,19756333237,22790000,54%,49244000,135863,278,normal,209,2022
1674380288,20230122,19756333237,22790000,54%,49244000,135863,278,normal,209,2024
1674390844,20230122,19756333237,22790000,54%,49244000,135863,278,normal,210,2025
1674393706,20230122,19756333237,22790000,54%,49244000,135863,278,normal,210,2026
1674394687,20230122,19756333237,22790000,54%,49244000,135862,278,normal,210,2029
1674396958,20230122,19756333237,22790000,54%,49244000,135861,278,normal,210,2035
1674401892,20230122,19756333237,22790000,54%,49244000,135860,278,normal,210,2035
1674405850,20230122,19756333237,22790000,54%,49244000,135859,278,normal,210,2035
1674409081,20230122,19756333237,22790000,54%,49244000,135859,278,normal,210,2036
1674411729,20230122,19756333237,22790000,54%,49244000,135858,278,normal,210,2036
1674416292,20230122,19756333237,22790000,54%,49244000,135857,269,normal,210,2036
1674437946,20230123,19756333237,22790000,54%,49244000,135857,269,normal,210,2038
1674441747,20230123,19756333237,22790000,54%,49244000,135856,269,normal,210,2040
1674445122,20230123,19756333237,22790000,54%,49244000,135856,269,normal,210,2041
1674447807,20230123,19756333237,22790000,54%,49244000,135856,269,normal,210,2042
1674448901,20230123,19756333237,22790000,54%,49244000,135856,269,normal,210,2043
1674451060,20230123,19756333237,22790000,54%,49244000,135855,269,normal,210,2044
1674459480,20230123,19756333237,22790000,54%,49244000,135855,269,normal,210,2046
1674465553,20230123,19756333237,22790000,54%,49244000,135856,269,normal,210,2046
1674469270,20230123,19756333237,22790000,54%,49244000,135856,269,normal,211,2046
1674470396,20230123,19756333237,22790000,54%,49244000,135856,269,normal,211,2047
1674472581,20230123,19756333237,22790000,54%,49244000,135856,269,normal,211,2048
1674477423,20230123,19756333237,22790000,54%,49244000,135856,269,normal,211,2049
1674487247,20230123,19756333237,22999000,53%,49244000,15,269,normal,211,2053
1674488406,20230123,19756333237,22999000,53%,49244000,15,269,normal,211,2055
1674491217,20230123,19756333237,22999000,53%,49244000,15,269,normal,211,2058
1674492481,20230123,19756333237,22999000,53%,49244000,15,269,normal,211,2059
1674494287,20230123,19756333237,22999000,53%,49244000,15,269,normal,211,2062
1674495490,20230123,19756333237,22999000,53%,49244000,13,269,normal,211,2062
1674498148,20230123,19756333237,22790000,54%,49244000,135896,269,normal,211,2062
1674501322,20230123,19756333237,22790000,54%,49244000,135896,269,normal,211,2064
1674502696,20230123,19756333237,22790000,54%,49244000,135896,264,normal,211,2064
1674505204,20230123,19756333237,22790000,54%,49244000,135893,264,normal,211,2064
1674506317,20230123,19756333237,22790000,54%,49244000,135893,264,normal,211,2065
1674508605,20230123,19756333237,22790000,54%,49244000,135892,264,normal,211,2065
1674517097,20230123,19756333237,22790000,54%,49244000,135892,264,normal,211,2066
1674524444,20230124,19756333237,22790000,54%,49244000,135890,264,normal,212,2066
1674528041,20230124,19756333237,22790000,54%,49244000,135888,264,normal,212,2066
1674530435,20230124,19756333237,22790000,54%,49244000,135888,264,normal,212,2067
1674534196,20230124,19756333237,22790000,54%,49244000,135888,264,normal,212,2068
1674535277,20230124,19756333237,22790000,54%,49244000,135888,264,normal,212,2069
1674537435,20230124,19756333237,22790000,54%,49244000,135888,264,normal,212,2070
1674538686,20230124,19756333237,22790000,54%,49244000,135888,264,normal,212,2071
1674555603,20230124,19756333237,22790000,54%,49244000,135887,264,normal,213,2072
1674556724,20230124,19756333237,22790000,54%,49244000,135887,264,normal,213,2074
1674558942,20230124,19756333237,22790000,54%,49244000,135887,264,normal,213,2077
1674560284,20230124,19756333237,22790000,54%,49244000,135889,264,normal,213,2079
1674563892,20230124,19756333237,22790000,54%,49244000,135890,264,normal,213,2079
1674566648,20230124,19756333237,22790000,54%,49244000,135891,264,normal,213,2079
1674573579,20230124,19756333237,22790000,54%,49244000,135890,264,normal,213,2079
1674574682,20230124,19756333237,22790000,54%,49244000,135889,264,normal,213,2079
1674577615,20230124,19756333237,22790000,54%,49244000,135888,264,normal,213,2079
1674585676,20230124,19756333237,22790000,54%,49244000,135888,264,normal,214,2079
1674587711,20230124,19756333237,22790000,54%,49244000,135887,264,normal,214,2079
1674589082,20230124,19756333237,22790000,54%,49244000,135887,267,normal,214,2080
1674591593,20230124,19756333237,22790000,54%,49244000,135887,267,normal,214,2079
1674598692,20230124,19756333237,22790000,54%,49244000,135886,267,normal,214,2081
1674599897,20230124,19756333237,22790000,54%,49244000,135886,267,normal,214,2082
1674602329,20230124,19756333237,22790000,54%,49244000,135886,267,normal,214,2083
1674610650,20230125,19756333237,22790000,54%,49244000,135886,267,normal,214,2084
1674614483,20230125,19756333237,22790000,54%,49244000,135887,267,normal,214,2085
1674617912,20230125,19756333237,22790000,54%,49244000,135887,267,normal,215,2085
1674642025,20230125,19756333237,22790000,54%,49244000,135888,267,normal,215,2086
1674645342,20230125,19756333237,22790000,54%,49244000,135889,267,normal,215,2086
1674646688,20230125,19756333237,22790000,54%,49244000,135889,267,normal,215,2087
1674650308,20230125,19756333237,22790000,54%,49244000,135888,267,normal,215,2089
1674653060,20230125,19756333237,22790000,54%,49244000,135888,267,normal,215,2092
1674653900,20230125,19756333237,22790000,54%,49244000,135890,267,normal,215,2093
1674656270,20230125,19756333237,22790000,54%,49244000,135889,267,normal,216,2094
1674661141,20230125,19756333237,22790000,54%,49244000,135889,267,normal,216,2098
1674664007,20230125,19756333237,22790000,54%,49244000,135885,267,normal,216,2098
1674667017,20230125,19756333237,22790000,54%,49244000,135884,267,normal,217,2098
1674674121,20230125,19756333237,23800000,52%,49244000,15,267,normal,217,2101
1674675479,20230125,19756333237,23800000,52%,49244000,15,269,normal,217,2104
1674677984,20230125,19756333237,23800000,52%,49244000,13,269,normal,217,2108
1674679107,20230125,19756333237,23800000,52%,49244000,12,269,normal,217,2110
1674681302,20230125,19756333237,22790000,54%,49244000,135894,269,normal,217,2118
1674682702,20230125,19756333237,22790000,54%,49244000,135893,269,normal,218,2119
1674686292,20230125,19756333237,22790000,54%,49244000,135893,269,normal,218,2120
1674688777,20230125,19756333237,22790000,54%,49244000,135891,269,normal,218,2121
1674689910,20230125,19756333237,22790000,54%,49244000,135891,269,normal,218,2122
1674697287,20230126,19756333237,22790000,54%,49244000,135891,269,normal,218,2124
1674700962,20230126,19756333237,22790000,54%,49244000,135890,269,normal,218,2124
1674707001,20230126,19756333237,22790000,54%,49244000,135890,269,normal,218,2125
1674742652,20230126,19756333237,22790000,54%,49244000,135891,269,normal,218,2125
1674743893,20230126,19756333237,22790000,54%,49244000,135889,269,normal,218,2126
1674746371,20230126,19756333237,22790000,54%,49244000,135888,269,normal,218,2128
1674750346,20230126,19756333237,22790000,54%,49244000,135890,269,normal,218,2130
1674764353,20230126,19756333237,22790000,54%,49244000,135892,264,normal,219,2131
1674765515,20230126,19756333237,22790000,54%,49244000,135893,264,normal,220,2132
1674771501,20230126,19756333237,22790000,54%,49244000,135893,264,normal,220,2133
1674775198,20230126,19756333237,22790000,54%,49244000,135895,264,normal,221,2134
1674783728,20230127,19756333237,22790000,54%,49244000,135894,264,normal,221,2135
1674787571,20230127,19756333237,22790000,54%,49244000,135894,264,normal,221,2136
1674789623,20230127,19756333237,22790000,54%,49244000,135894,264,normal,221,2137
1674793389,20230127,19756333237,22790000,54%,49244000,135894,264,normal,221,2138
1674796639,20230127,19756333237,22790000,54%,49244000,135894,264,normal,221,2139
1674807841,20230127,19756333237,22790000,54%,49244000,135894,264,normal,221,2140
1674812293,20230127,19756333237,22790000,54%,49244000,135894,264,normal,221,2141
1674814862,20230127,19756333237,22790000,54%,49244000,135894,264,normal,221,2142
1674815977,20230127,19756333237,22790000,54%,49244000,135892,264,normal,221,2143
1674818176,20230127,19756333237,22790000,54%,49244000,135892,264,normal,222,2145
1674819483,20230127,19756333237,22790000,54%,49244000,135893,264,normal,222,2145
1674822950,20230127,19756333237,22790000,54%,49244000,135892,264,normal,222,2145
1674829048,20230127,19756333237,22790000,54%,49244000,135892,264,normal,223,2145
1674830290,20230127,19756333237,22790000,54%,49244000,135893,264,normal,223,2145
1674832816,20230127,19756333237,22790000,54%,49244000,135890,264,normal,223,2145
1674833943,20230127,19756333237,22790000,54%,49244000,135890,264,normal,223,2146
1674836775,20230127,19756333237,22790000,54%,49244000,135889,264,normal,224,2146
1674837991,20230127,19756333237,22790000,54%,49244000,135889,264,normal,225,2146
1674839850,20230127,19756333237,22790000,54%,49244000,135889,264,normal,226,2146
1674843770,20230127,19756333237,22790000,54%,49244000,135889,264,normal,226,2147
1674844827,20230127,19756333237,22790000,54%,49244000,135887,264,normal,226,2147
1674846901,20230127,19756333237,22790000,54%,49244000,135887,264,normal,226,2148
1674850779,20230127,19756333237,22790000,54%,49244000,135887,256,normal,226,2148
1674854186,20230127,19756333237,22790000,54%,49244000,135887,256,normal,227,2148
1674861514,20230127,19756333237,22790000,54%,49244000,135886,256,normal,227,2148
1674862705,20230127,19756333237,22790000,54%,49244000,135886,256,normal,228,2148
1674870082,20230128,19756333237,22790000,54%,49244000,135884,256,normal,228,2151
1674873843,20230128,19756333237,22790000,54%,49244000,135883,256,normal,228,2152
1674884290,20230128,19756333237,22790000,54%,49244000,135883,256,normal,228,2153
1674897459,20230128,19756333237,22790000,54%,49244000,135882,256,normal,228,2153
1674904475,20230128,19756333237,22790000,54%,49244000,135882,256,normal,228,2154
1674905888,20230128,19756333237,22790000,54%,49244000,135883,256,normal,229,2154
1674912130,20230128,19756333237,22790000,54%,49244000,135883,256,normal,229,2155
1674916684,20230128,19756333237,22790000,54%,49244000,135882,256,normal,229,2156
1674919101,20230128,19756333237,22790000,54%,49244000,135881,256,normal,229,2156
1674920283,20230128,19756333237,22790000,54%,49244000,135881,256,normal,229,2158
1674923067,20230128,19756333237,22790000,54%,49244000,135880,256,normal,229,2159
1674931155,20230128,19756333237,22790000,54%,49244000,135881,256,normal,229,2159
1674937110,20230128,19756333237,22790000,54%,49244000,135881,247,normal,229,2159
1674940533,20230128,19756333237,22790000,54%,49244000,135880,247,normal,229,2160
1674944220,20230128,19756333237,22790000,54%,49244000,135879,247,normal,229,2160
1674945485,20230128,19756333237,22790000,54%,49244000,135879,247,normal,229,2161
1674947887,20230128,19756333237,22790000,54%,49244000,135880,247,normal,229,2161
1674956729,20230129,19756333237,22790000,54%,49244000,135881,247,normal,229,2163
1674983821,20230129,19756333237,22790000,54%,49244000,135882,247,normal,229,2163
1674988685,20230129,19756333237,22790000,54%,49244000,135882,247,normal,229,2164
1674995641,20230129,19756333237,22790000,54%,49244000,135881,247,normal,229,2164
1675001769,20230129,19756333237,22790000,54%,49244000,135882,247,normal,229,2164
1675003089,20230129,19756333237,22790000,54%,49244000,135883,247,normal,230,2164
1675006683,20230129,19756333237,22790000,54%,49244000,135883,247,normal,230,2165
1675012574,20230129,19756333237,22790000,54%,49244000,135881,247,normal,230,2166
1675013892,20230129,19756333237,22790000,54%,49244000,135880,247,normal,230,2166
1675016503,20230129,19756333237,22790000,54%,49244000,135880,247,normal,230,2168
1675019696,20230129,19756333237,22790000,54%,49244000,135880,232,normal,230,2168
1675021086,20230129,19756333237,22790000,54%,49244000,135877,232,normal,230,2168
1675026935,20230129,19756333237,22790000,54%,49244000,135878,232,normal,230,2169
1675034365,20230129,19756333237,22790000,54%,49244000,135878,232,normal,230,2170
1675042562,20230130,19756333237,22790000,54%,49244000,135876,232,normal,230,2175
1675046429,20230130,19756333237,22790000,54%,49244000,135874,232,normal,230,2176
1675048881,20230130,19756333237,22790000,54%,49244000,135874,232,normal,230,2177
1675049925,20230130,19756333237,22790000,54%,49244000,135874,232,normal,230,2178
1675085300,20230130,19756333237,22790000,54%,49244000,135873,232,normal,231,2179
1675088268,20230130,19756333237,22790000,54%,49244000,135873,232,normal,231,2180
1675092021,20230130,19756333237,22790000,54%,49244000,135874,232,normal,231,2180
1675096016,20230130,19756333237,22790000,54%,49244000,135874,232,normal,231,2181
1675099088,20230130,19756333237,22790000,54%,49244000,135875,232,normal,231,2181
1675100299,20230130,19756333237,22790000,54%,49244000,135876,232,normal,231,2181
1675104097,20230130,19756333237,22790000,54%,49244000,135876,232,normal,232,2183
1675106119,20230130,19756333237,22790000,54%,49244000,135875,227,normal,232,2183
1675110009,20230130,19756333237,22790000,54%,49244000,135877,227,normal,232,2183
1675113394,20230130,19756333237,22790000,54%,49244000,135877,227,normal,232,2184
1675120816,20230130,19756333237,22790000,54%,49244000,135875,227,normal,232,2186
1675121897,20230130,19756333237,22790000,54%,49244000,135874,227,normal,232,2186
1675129469,20230131,19756333237,22790000,54%,49244000,135874,227,normal,232,2188
1675133328,20230131,19756333237,22790000,54%,49244000,135876,227,normal,232,2188
1675143475,20230131,19756333237,22790000,54%,49244000,135875,227,normal,232,2188
1675146295,20230131,19756333237,22790000,54%,49244000,135874,227,normal,232,2188
1675149435,20230131,19756333237,22790000,54%,49244000,135873,227,normal,232,2188
1675150679,20230131,19756333237,22790000,54%,49244000,135873,227,normal,232,2187
1675171736,20230131,19756333237,22790000,54%,49244000,135872,227,normal,232,2188
1675178409,20230131,19756333237,22790000,54%,49244000,135873,227,normal,232,2188
1675179556,20230131,19756333237,22790000,54%,49244000,135874,227,normal,232,2188
1675182437,20230131,19756333237,22790000,54%,49244000,135873,227,normal,232,2189
1675183672,20230131,19756333237,22790000,54%,49244000,135872,227,normal,233,2189
1675185462,20230131,19756333237,22790000,54%,49244000,135871,227,normal,233,2189
1675190504,20230131,19756333237,22790000,54%,49244000,135871,227,normal,233,2190
1675192518,20230131,19756333237,22790000,54%,49244000,135873,230,normal,233,2190
1675197507,20230131,19756333237,22790000,54%,49244000,135872,230,normal,234,2190
1675216387,20230201,19756333237,22790000,54%,49244000,135871,230,normal,234,2190
1675220259,20230201,19756333237,22790000,54%,49244000,135871,230,normal,235,2191
1675222185,20230201,19756333237,22790000,54%,49244000,135871,230,normal,235,2193
1675255127,20230201,19756333237,22790000,54%,49244000,135871,230,normal,235,2197
1675257975,20230201,19756333237,22790000,54%,49244000,135869,230,normal,235,2199
1675264820,20230201,19756333237,22790000,54%,49244000,135869,230,normal,235,2198
1675265964,20230201,19756333237,22790000,54%,49244000,135865,230,normal,235,2198
1675268774,20230201,19756333237,22790000,54%,49244000,135864,230,normal,236,2198
1675270054,20230201,19756333237,22790000,54%,49244000,135863,230,normal,236,2198
1675275849,20230201,19756333237,22790000,54%,49244000,135862,230,normal,236,2198
1675278949,20230201,19756333237,22790000,54%,49244000,135862,230,normal,237,2199
1675280280,20230201,19756333237,22790000,54%,49244000,135861,237,normal,237,2199
1675286244,20230201,19756333237,22790000,54%,49244000,135859,237,normal,238,2200
1675287487,20230201,19756333237,22790000,54%,49244000,135859,237,normal,238,2201
1675289942,20230201,19756333237,22790000,54%,49244000,135858,237,normal,238,2201
1675293581,20230201,19756333237,22790000,54%,49244000,135857,237,normal,238,2201
1675294719,20230201,19756333237,22790000,54%,49244000,135856,237,normal,238,2201
1675302195,20230202,19756333237,22790000,54%,49244000,135854,237,normal,240,2204
1675308056,20230202,19756333237,22790000,54%,49244000,135853,237,normal,240,2205
1675309132,20230202,19756333237,22790000,54%,49244000,135853,237,normal,240,2206
1675311827,20230202,19756333237,22790000,54%,49244000,135852,237,normal,240,2205
