data/history/19756333237.csv
time,date,itemid,price,discount,price_before_discount,stock,sold,item_status,cmt_count,liked_count
1677968301,20230304,19756333237,21600000,56%,49244000,135747,119,normal,301,2472
1677971932,20230304,19756333237,21600000,56%,49244000,135748,119,normal,301,2472
1677981481,20230305,19756333237,21600000,56%,49244000,135745,119,normal,301,2473
1677985378,20230305,19756333237,21600000,56%,49244000,135745,119,normal,301,2475
1677993482,20230305,19756333237,21600000,56%,49244000,135744,119,normal,301,2475
1678007905,20230305,19756333237,21600000,56%,49244000,135744,119,normal,301,2476
1678014933,20230305,19756333237,21600000,56%,49244000,135745,119,normal,301,2476
1678016284,20230305,19756333237,21600000,56%,49244000,135745,119,normal,301,2477
1678025818,20230305,19756333237,21600000,56%,49244000,135744,119,normal,301,2477
1678029540,20230305,19756333237,21600000,56%,49244000,135743,119,normal,301,2477
1678033525,20230305,19756333237,21600000,56%,49244000,135742,119,normal,301,2477
1678034725,20230305,19756333237,21600000,56%,49244000,135741,119,normal,301,2477
1678036602,20230305,19756333237,21600000,56%,49244000,135741,119,normal,301,2478
1678045101,20230305,19756333237,21600000,56%,49244000,135741,121,normal,301,2478
1678048710,20230305,19756333237,21600000,56%,49244000,135741,121,normal,301,2479
1678054730,20230305,19756333237,21600000,56%,49244000,135741,121,normal,301,2480
1678058358,20230305,19756333237,21600000,56%,49244000,135741,121,normal,302,2481
1678067274,20230306,19756333237,21600000,56%,49244000,135740,121,normal,303,2484
1678071249,20230306,19756333237,21600000,56%,49244000,135739,121,normal,303,2485
1678099306,20230306,19756333237,21600000,56%,49244000,135739,121,normal,303,2487
1678130188,20230306,19756333237,21600000,56%,49244000,135738,116,normal,303,2489
1678135200,20230306,19756333237,21600000,56%,49244000,135738,116,normal,304,2490
1678141203,20230306,19756333237,21600000,56%,49244000,135737,116,normal,304,2490
1678144845,20230306,19756333237,21600000,56%,49244000,135737,116,normal,304,2491
1678153979,20230307,19756333237,21600000,56%,49244000,135737,116,normal,304,2491
1678158097,20230307,19756333237,21600000,56%,49244000,135736,116,normal,304,2491
1678203638,20230307,19756333237,21600000,56%,49244000,135734,116,normal,304,2492
1678207843,20230307,19756333237,21600000,56%,49244000,135734,116,normal,305,2492
1678209541,20230307,19756333237,21600000,56%,49244000,135734,116,normal,305,2493
1678216583,20230307,19756333237,21600000,56%,49244000,135734,117,normal,305,2493
1678223898,20230307,19756333237,21600000,56%,49244000,135735,117,normal,305,2493
1678225099,20230307,19756333237,21600000,56%,49244000,135734,117,normal,305,2494
1678227581,20230307,19756333237,21600000,56%,49244000,135735,117,normal,305,2495
1678232337,20230307,19756333237,21600000,56%,49244000,135735,117,normal,306,2495
1678240190,20230308,19756333237,21600000,56%,49244000,135735,117,normal,306,2496
1678244139,20230308,19756333237,21600000,56%,49244000,135734,117,normal,306,2498
1678491496,20230310,19756333237,21600000,56%,49244000,135719,126,normal,314,2521
1678563488,20230311,19756333237,21600000,56%,49244000,135711,120,normal,316,2529
1678742264,20230313,19756333237,21600000,56%,49244000,135702,105,normal,318,2546
1678786853,20230314,19756333237,21600000,56%,49244000,135699,105,normal,318,2555
1678801012,20230314,19756333237,21600000,56%,49244000,135695,105,normal,318,2558
1678819961,20230314,19756333237,21800000,56%,49244000,135689,105,normal,322,2565
1678835964,20230314,19756333237,21800000,56%,49244000,135684,102,normal,323,2572
1678837119,20230314,19756333237,21800000,56%,49244000,135684,102,normal,323,2574
1678905693,20230315,19756333237,21600000,56%,49244000,135687,102,normal,323,2602
1679581069,20230323,19756333237,21600000,56%,49244000,135663,125,normal,335,2652
1679678210,20230324,19756333237,21600000,56%,49244000,135655,128,normal,340,2658
1679696243,20230324,19756333237,21600000,56%,49244000,135656,128,normal,341,2658
1679710878,20230325,19756333237,21600000,56%,49244000,135655,128,normal,341,2662
1679742835,20230325,19756333237,21600000,56%,49244000,135654,128,normal,341,2663
1679769500,20230325,19756333237,21600000,56%,49244000,135652,128,normal,341,2665
1679787483,20230325,19756333237,21600000,56%,49244000,135652,129,normal,341,2667
1679837889,20230326,19756333237,21600000,56%,49244000,135655,129,normal,341,2667
1679841489,20230326,19756333237,21600000,56%,49244000,135654,129,normal,341,2669
1679858031,20230326,19756333237,21600000,56%,49244000,135654,125,normal,341,2670
1679872655,20230326,19756333237,21600000,56%,49244000,135654,125,normal,341,2669
1679885304,20230327,19756333237,21600000,56%,49244000,135652,125,normal,341,2672
1679949504,20230327,19756333237,21600000,56%,49244000,135649,122,normal,342,2680
1679995149,20230328,19756333237,21600000,56%,49244000,135646,122,normal,344,2684
1679996322,20230328,19756333237,21600000,56%,49244000,135645,122,normal,344,2684
1680045479,20230328,19756333237,21600000,56%,49244000,135645,125,normal,345,2690
1680117320,20230329,19756333237,21600000,56%,49244000,135638,125,normal,347,2697
1680251000,20230331,19756333237,46000000,,0,292225,135,normal,353,2704
1680330093,20230401,19756333237,21600000,53%,46000000,292224,135,normal,355,2706
